// Vitest Snapshot v1, https://vitest.dev/guide/snapshot.html

exports[`GitsApp > should render component properly 1`] = `
<div>
  <div
    class="flex flex-col items-center h-screen"
  >
    <header
      class="flex flex-col items-center justify-center mt-10"
    >
      <h1
        class="text-2xl font-bold"
      >
        Buscador de gifs
      </h1>
      <p
        class="text-sm text-gray-500"
      >
        Encuentra los mejores gifs de tu personaje favorito
      </p>
    </header>
    <div
      class="flex items-center gap-2 mt-10"
    >
      <input
        class="border border-gray-300 rounded-md p-2"
        placeholder="Search gifs"
        type="text"
        value=""
      />
      <button
        class="bg-blue-500 text-white rounded-md p-2"
      >
        Buscar
      </button>
    </div>
    <div
      class="flex flex-col items-center justify-center mt-10"
    >
      <h2
        class="text-lg font-bold"
      >
        Busquedas previas
      </h2>
      <div
        class="flex items-center gap-2 mt-2"
      />
    </div>
    <div
      class="grid grid-cols-3 gap-4"
    />
  </div>
</div>
`;
